============================= test session starts =============================
platform win32 -- Python 3.11.9, pytest-7.4.3, pluggy-1.6.0 -- D:\KEMTLS\venv\Scripts\python.exe
cachedir: .pytest_cache
rootdir: d:\KEMTLS
plugins: cov-4.1.0
collecting ... collected 191 items

..\tests\test_aead.py::test_aead_roundtrip PASSED                        [  0%]
..\tests\test_aead.py::test_invalid_tag_failure PASSED                   [  1%]
..\tests\test_aead.py::test_xor_iv_with_seq_is_deterministic PASSED      [  1%]
..\tests\test_auth_endpoints.py::test_authorization_code_flow_requires_pkce_and_stores_code PASSED [  2%]
..\tests\test_auth_endpoints.py::test_authorization_request_rejects_missing_pkce PASSED [  2%]
..\tests\test_auth_endpoints.py::test_authorization_request_requires_user_authentication PASSED [  3%]
..\tests\test_auth_endpoints.py::test_unknown_client_is_rejected PASSED  [  3%]
..\tests\test_auth_endpoints.py::test_invalid_redirect_uri_and_pkce_method_are_rejected PASSED [  4%]
..\tests\test_auth_endpoints.py::test_unsupported_response_type_and_expired_or_reused_code_fail PASSED [  4%]
..\tests\test_certs.py::test_certificate_roundtrip PASSED                [  5%]
..\tests\test_certs.py::test_certificate_rejects_wrong_ca_or_tampering PASSED [  5%]
..\tests\test_certs.py::test_certificate_rejects_time_window_and_identity_errors PASSED [  6%]
..\tests\test_client_logic.py::test_http_response_parsing PASSED         [  6%]
..\tests\test_client_logic.py::test_pkce_challenge_generation PASSED     [  7%]
..\tests\test_client_logic.py::test_request_query_params PASSED          [  7%]
..\tests\test_discovery.py::test_discovery_metadata_contains_standard_and_extension_fields PASSED [  8%]
..\tests\test_discovery.py::test_discovery_allows_configured_endpoints PASSED [  8%]
..\tests\test_discovery.py::test_discovery_omits_optional_introspection_when_not_configured PASSED [  9%]
..\tests\test_encoding.py::TestRoundTrip::test_round_trip[Hello, World!] PASSED [  9%]
..\tests\test_encoding.py::TestRoundTrip::test_round_trip[] PASSED       [ 10%]
..\tests\test_encoding.py::TestRoundTrip::test_round_trip[\x00\x01\x02\x03\x04] PASSED [ 10%]
..\tests\test_encoding.py::TestRoundTrip::test_round_trip[AAAAAAAAAAAAAAAAAAAAAAAAAAAAAAAAAAAAAAAAAAAAAAAAAAAAAAAAAAAAAAAAAAAAAAAAAAAAAAAAAAAAAAAAAAAAAAAAAAAA] PASSED [ 11%]
..\tests\test_encoding.py::TestRoundTrip::test_round_trip[The quick brown fox jumps over the lazy dog] PASSED [ 12%]
..\tests\test_encoding.py::TestRoundTrip::test_round_trip[\xff\xff\xff\xff\xff\xff\xff\xff\xff\xff\xff\xff\xff\xff\xff\xff\xff\xff\xff\xff\xff\xff\xff\xff\xff\xff\xff\xff\xff\xff\xff\xff] PASSED [ 12%]
..\tests\test_encoding.py::TestRoundTrip::test_round_trip[\x00\x01\x02\x03\x04\x05\x06\x07\x08\t\n\x0b\x0c\r\x0e\x0f\x10\x11\x12\x13\x14\x15\x16\x17\x18\x19\x1a\x1b\x1c\x1d\x1e\x1f !"#$%&'()*+,-.\0123456789:;<=>?@ABCDEFGHIJKLMNOPQRSTUVWXYZ[\]^_`abcdefghijklmnopqrstuvwxyz{|}~\x7f\x80\x81\x82\x83\x84\x85\x86\x87\x88\x89\x8a\x8b\x8c\x8d\x8e\x8f\x90\x91\x92\x93\x94\x95\x96\x97\x98\x99\x9a\x9b\x9c\x9d\x9e\x9f\xa0\xa1\xa2\xa3\xa4\xa5\xa6\xa7\xa8\xa9\xaa\xab\xac\xad\xae\xaf\xb0\xb1\xb2\xb3\xb4\xb5\xb6\xb7\xb8\xb9\xba\xbb\xbc\xbd\xbe\xbf\xc0\xc1\xc2\xc3\xc4\xc5\xc6\xc7\xc8\xc9\xca\xcb\xcc\xcd\xce\xcf\xd0\xd1\xd2\xd3\xd4\xd5\xd6\xd7\xd8\xd9\xda\xdb\xdc\xdd\xde\xdf\xe0\xe1\xe2\xe3\xe4\xe5\xe6\xe7\xe8\xe9\xea\xeb\xec\xed\xee\xef\xf0\xf1\xf2\xf3\xf4\xf5\xf6\xf7\xf8\xf9\xfa\xfb\xfc\xfd\xfe\xff] PASSED [ 13%]
..\tests\test_encoding.py::TestRoundTrip::test_single_byte_values PASSED [ 13%]
..\tests\test_encoding.py::TestURLSafety::test_no_unsafe_characters[\xfb\xff\xfe] PASSED [ 14%]
..\tests\test_encoding.py::TestURLSafety::test_no_unsafe_characters[\x00\x01\x02] PASSED [ 14%]
..\tests\test_encoding.py::TestURLSafety::test_no_unsafe_characters[AAAAAAAAAAAAAAAAAAAAAAAAAAAAAAAAAAAAAAAAAAAAAAAAAAAAAAAAAAAAAAAAAAAAAAAAAAAAAAAAAAAAAAAAAAAAAAAAAAAA] PASSED [ 15%]
..\tests\test_encoding.py::TestURLSafety::test_no_unsafe_characters[] PASSED [ 15%]
..\tests\test_encoding.py::TestInputValidation::test_encode_rejects_str PASSED [ 16%]
..\tests\test_encoding.py::TestInputValidation::test_encode_rejects_int PASSED [ 16%]
..\tests\test_encoding.py::TestInputValidation::test_encode_rejects_none PASSED [ 17%]
..\tests\test_encoding.py::TestInputValidation::test_decode_rejects_bytes PASSED [ 17%]
..\tests\test_encoding.py::TestInputValidation::test_decode_rejects_int PASSED [ 18%]
..\tests\test_encoding.py::TestInputValidation::test_decode_rejects_none PASSED [ 18%]
..\tests\test_encoding.py::TestInputValidation::test_decode_rejects_standard_base64_chars PASSED [ 19%]
..\tests\test_encoding.py::TestInputValidation::test_decode_rejects_padding PASSED [ 19%]
..\tests\test_encoding.py::TestInputValidation::test_decode_rejects_spaces PASSED [ 20%]
..\tests\test_encoding.py::TestInputValidation::test_decode_rejects_special_chars PASSED [ 20%]
..\tests\test_encoding.py::TestEdgeCases::test_empty_bytes_encode PASSED [ 21%]
..\tests\test_encoding.py::TestEdgeCases::test_empty_string_decode PASSED [ 21%]
..\tests\test_encoding.py::TestEdgeCases::test_known_vectors PASSED      [ 22%]
..\tests\test_encoding.py::TestEdgeCases::test_decode_known_vectors PASSED [ 23%]
..\tests\test_exporter.py::test_exporter_secret_is_deterministic_and_session_specific PASSED [ 23%]
..\tests\test_exporter.py::test_binding_ids_are_context_separated PASSED [ 24%]
..\tests\test_exporter.py::test_binding_ids_can_be_returned_as_base64url PASSED [ 24%]
..\tests\test_full_flow_baseline.py::test_full_baseline_flow_across_auth_and_resource_servers PASSED [ 25%]
..\tests\test_full_flow_pdk.py::test_full_pdk_flow_across_auth_and_resource_servers PASSED [ 25%]
..\tests\test_handshake_baseline.py::test_baseline_handshake_completes_and_populates_session PASSED [ 26%]
..\tests\test_handshake_baseline.py::test_baseline_handshake_rejects_identity_mismatch PASSED [ 26%]
..\tests\test_handshake_baseline.py::test_baseline_handshake_rejects_tampered_server_finished PASSED [ 27%]
..\tests\test_handshake_pdk.py::test_pdk_handshake_completes_with_trusted_key_id PASSED [ 27%]
..\tests\test_handshake_pdk.py::test_pdk_handshake_rejects_identity_mismatch PASSED [ 28%]
..\tests\test_handshake_pdk.py::test_auto_mode_prefers_pdk_when_available PASSED [ 28%]
..\tests\test_handshake_pdk.py::test_auto_mode_falls_back_to_baseline_when_pdk_not_locally_trusted PASSED [ 29%]
..\tests\test_helpers.py::test_generate_random_string_defaults_to_url_safe_charset PASSED [ 29%]
..\tests\test_helpers.py::test_generate_random_string_validates_inputs PASSED [ 30%]
..\tests\test_helpers.py::test_generate_random_bytes_validates_inputs PASSED [ 30%]
..\tests\test_helpers.py::test_get_timestamp_returns_integer PASSED      [ 31%]
..\tests\test_helpers.py::test_is_expired_supports_none_and_validates_types PASSED [ 31%]
..\tests\test_helpers.py::test_format_token_for_display_truncates_and_validates_inputs PASSED [ 32%]
..\tests\test_helpers.py::test_validate_session_id_accepts_only_expected_shape PASSED [ 32%]
..\tests\test_helpers.py::test_utils_package_exports_only_generic_helpers PASSED [ 33%]
..\tests\test_integration.py::test_end_to_end_oidc_flow_across_modules PASSED [ 34%]
..\tests\test_integration.py::test_route_level_integration_with_session_resolution PASSED [ 34%]
..\tests\test_integration.py::test_cross_module_fail_closed_behavior PASSED [ 35%]
..\tests\test_introspection_endpoints.py::test_introspection_reports_active_token PASSED [ 35%]
..\tests\test_introspection_endpoints.py::test_introspection_reports_binding_status_when_session_is_supplied PASSED [ 36%]
..\tests\test_introspection_endpoints.py::test_introspection_invalid_token_is_inactive PASSED [ 36%]
..\tests\test_introspection_endpoints.py::test_introspection_expired_token_is_inactive PASSED [ 37%]
..\tests\test_introspection_endpoints.py::test_introspection_registers_route PASSED [ 37%]
..\tests\test_introspection_endpoints.py::test_introspection_route_supports_form_and_missing_token PASSED [ 38%]
..\tests\test_introspection_endpoints.py::test_introspection_route_resolves_session_from_environ PASSED [ 38%]
..\tests\test_jwks.py::test_jwks_publishes_single_key_with_matching_kid PASSED [ 39%]
..\tests\test_jwks.py::test_jwks_supports_multiple_keys_for_rotation PASSED [ 39%]
..\tests\test_jwks.py::test_jwks_rejects_invalid_key_inputs PASSED       [ 40%]
..\tests\test_jwks.py::test_jwks_empty_set_is_valid PASSED               [ 40%]
..\tests\test_jwks.py::test_jwks_registers_route PASSED                  [ 41%]
..\tests\test_jwt_handler.py::test_valid_id_token_verification_retains_standard_jwt_shape PASSED [ 41%]
..\tests\test_jwt_handler.py::test_valid_access_token_verification_with_binding_claim PASSED [ 42%]
..\tests\test_jwt_handler.py::test_wrong_issuer_or_audience_is_rejected PASSED [ 42%]
..\tests\test_jwt_handler.py::test_expired_token_is_rejected PASSED      [ 43%]
..\tests\test_jwt_handler.py::test_nonce_mismatch_is_rejected PASSED     [ 43%]
..\tests\test_jwt_handler.py::test_not_yet_valid_token_is_rejected PASSED [ 44%]
..\tests\test_jwt_handler.py::test_malformed_or_wrong_type_jwts_are_rejected PASSED [ 45%]
..\tests\test_jwt_handler.py::test_invalid_signature_and_bad_algorithm_are_rejected PASSED [ 45%]
..\tests\test_jwt_handler.py::test_reserved_header_override_and_invalid_cnf_claim_are_rejected PASSED [ 46%]
..\tests\test_jwt_handler.py::test_extract_confirmation_claim_handles_missing_or_bad_tokens PASSED [ 46%]
..\tests\test_jwt_validation.py::test_id_and_access_tokens_remain_standard_shaped PASSED [ 47%]
..\tests\test_jwt_validation.py::test_jwt_validation_rejects_wrong_claims_and_times PASSED [ 47%]
..\tests\test_jwt_validation.py::test_jwt_validation_rejects_bad_format_alg_signature_and_cnf PASSED [ 48%]
..\tests\test_key_schedule.py::test_transcript_hash_is_deterministic PASSED [ 48%]
..\tests\test_key_schedule.py::test_hkdf_expand_label_separates_labels PASSED [ 49%]
..\tests\test_key_schedule.py::test_handshake_and_application_secrets_differ PASSED [ 49%]
..\tests\test_key_schedule.py::test_application_secret_derivation_requires_transcript_3_shape PASSED [ 50%]
..\tests\test_key_schedule.py::test_handshake_secret_rejects_empty_input PASSED [ 50%]
..\tests\test_metadata_jwks_integrity.py::test_discovery_and_jwks_stay_consistent_with_token_headers PASSED [ 51%]
..\tests\test_metadata_jwks_integrity.py::test_jwks_allows_rotation_without_custom_wrapping PASSED [ 51%]
..\tests\test_ml_dsa.py::test_sign_verify_roundtrip PASSED               [ 52%]
..\tests\test_ml_dsa.py::test_tamper_detection PASSED                    [ 52%]
..\tests\test_ml_dsa.py::test_wrong_key_rejection_by_size_happens_locally PASSED [ 53%]
..\tests\test_ml_dsa.py::test_jwk_import_export_roundtrip PASSED         [ 53%]
..\tests\test_ml_dsa.py::test_jwk_validation_rejects_wrong_algorithm PASSED [ 54%]
..\tests\test_ml_kem.py::test_generate_keypair_returns_expected_sizes PASSED [ 54%]
..\tests\test_ml_kem.py::test_encap_decap_roundtrip PASSED               [ 55%]
..\tests\test_ml_kem.py::test_invalid_size_rejection_happens_before_backend_load PASSED [ 56%]
..\tests\test_ml_kem.py::test_different_encapsulations_can_produce_distinct_values PASSED [ 56%]
..\tests\test_oidc.py::test_authorization_code_pkce_token_and_metadata_flow PASSED [ 57%]
..\tests\test_oidc.py::test_refresh_rotation_preserves_clean_oidc_shape PASSED [ 57%]
..\tests\test_oidc.py::test_discovery_advertises_the_supported_oidc_and_kemtls_capabilities PASSED [ 58%]
..\tests\test_oidc.py::test_token_lifetimes_are_forward_moving PASSED    [ 58%]
..\tests\test_oidc_pkce.py::test_pkce_authorization_code_flow_happy_path PASSED [ 59%]
..\tests\test_oidc_pkce.py::test_pkce_authorize_rejects_missing_or_wrong_inputs PASSED [ 59%]
..\tests\test_oidc_pkce.py::test_pkce_authorize_rejects_unknown_client_redirect_and_reuse PASSED [ 60%]
..\tests\test_oidc_pkce.py::test_pkce_authorize_requires_user_authentication PASSED [ 60%]
..\tests\test_pdk.py::test_pdk_trust_store_lookup_and_resolution PASSED  [ 61%]
..\tests\test_pdk.py::test_pdk_rejects_unknown_key_and_identity_mismatch PASSED [ 61%]
..\tests\test_pdk.py::test_pdk_rejects_ambiguous_or_missing_identity_lookups PASSED [ 62%]
..\tests\test_record_layer.py::test_record_layer_roundtrip_uses_full_header_as_aad PASSED [ 62%]
..\tests\test_record_layer.py::test_record_layer_rejects_wrong_sequence PASSED [ 63%]
..\tests\test_record_layer.py::test_record_layer_rejects_header_aad_mismatch PASSED [ 63%]
..\tests\test_record_layer.py::test_record_layer_raises_on_partial_read PASSED [ 64%]
..\tests\test_refresh_store.py::test_issue_stores_only_hashed_token PASSED [ 64%]
..\tests\test_refresh_store.py::test_consume_is_single_use_and_replay_revokes_family PASSED [ 65%]
..\tests\test_refresh_store.py::test_rotate_keeps_family_and_old_token_replay_revokes_new_token PASSED [ 65%]
..\tests\test_refresh_store.py::test_issue_rejects_past_expiry PASSED    [ 66%]
..\tests\test_refresh_store.py::test_consume_unknown_and_empty_tokens_fail_closed PASSED [ 67%]
..\tests\test_refresh_store.py::test_expired_token_is_rejected_and_marked_revoked PASSED [ 67%]
..\tests\test_refresh_store.py::test_revoke_family_returns_false_for_unknown_token PASSED [ 68%]
..\tests\test_refresh_store.py::test_rotate_rejects_invalid_inputs PASSED [ 68%]
..\tests\test_refresh_token_rotation.py::test_refresh_store_hashes_tokens_and_detects_reuse PASSED [ 69%]
..\tests\test_refresh_token_rotation.py::test_refresh_token_rotation_and_replay_failure PASSED [ 69%]
..\tests\test_refresh_token_rotation.py::test_refresh_token_rotation_rejects_binding_mismatch PASSED [ 70%]
..\tests\test_replay_rejected_on_new_session.py::test_replay_is_rejected_on_new_session PASSED [ 70%]
..\tests\test_security.py::test_authorization_code_is_one_time_use PASSED [ 71%]
..\tests\test_security.py::test_access_token_replay_is_rejected_on_new_session PASSED [ 71%]
..\tests\test_security.py::test_refresh_token_reuse_revokes_the_family PASSED [ 72%]
..\tests\test_security.py::test_tampered_and_expired_access_tokens_are_rejected PASSED [ 72%]
..\tests\test_security.py::test_wrong_audience_is_rejected_across_validation_surfaces PASSED [ 73%]
..\tests\test_serialization.py::test_basic_serialization PASSED          [ 73%]
..\tests\test_serialization.py::test_deterministic_ordering PASSED       [ 74%]
..\tests\test_serialization.py::test_binary_safe_handling PASSED         [ 74%]
..\tests\test_serialization.py::test_strict_compliance_nan_inf PASSED    [ 75%]
..\tests\test_serialization.py::test_no_whitespace PASSED                [ 75%]
..\tests\test_serialization.py::test_unicode_handling PASSED             [ 76%]
..\tests\test_serialization.py::test_invalid_input_types PASSED          [ 76%]
..\tests\test_serialization.py::test_invalid_json_deserialization PASSED [ 77%]
..\tests\test_serialization.py::test_complex_nesting PASSED              [ 78%]
..\tests\test_server_apps.py::test_auth_server_app_wires_discovery_jwks_authorize_token_and_introspect PASSED [ 78%]
..\tests\test_server_apps.py::test_auth_server_app_authorize_errors_and_auth_required PASSED [ 79%]
..\tests\test_server_apps.py::test_auth_server_app_token_endpoint_fails_closed_without_session PASSED [ 79%]
..\tests\test_server_apps.py::test_auth_server_app_token_supports_refresh_and_active_kemtls_session PASSED [ 80%]
..\tests\test_server_apps.py::test_auth_server_app_introspection_handles_missing_and_mismatched_binding PASSED [ 80%]
..\tests\test_server_apps.py::test_resource_server_app_enforces_session_bound_userinfo PASSED [ 81%]
..\tests\test_server_apps.py::test_resource_server_app_rejects_missing_bearer_missing_session_and_invalid_token PASSED [ 81%]
..\tests\test_server_apps.py::test_resource_server_app_supports_api_userinfo_and_active_kemtls_session PASSED [ 82%]
..\tests\test_server_apps.py::test_app_factories_expose_expected_extensions PASSED [ 82%]
..\tests\test_server_apps.py::test_compatibility_wrappers_create_working_apps PASSED [ 83%]
..\tests\test_server_apps.py::test_compatibility_wrappers_accept_config_overrides PASSED [ 83%]
..\tests\test_session_binding.py::test_access_token_binding_claim_creation_and_verification PASSED [ 84%]
..\tests\test_session_binding.py::test_access_token_binding_mismatch_on_different_session PASSED [ 84%]
..\tests\test_session_binding.py::test_refresh_binding_mismatch_on_different_session PASSED [ 85%]
..\tests\test_session_binding.py::test_binding_verification_fails_closed_when_session_is_missing PASSED [ 85%]
..\tests\test_session_binding.py::test_builders_require_populated_bytes PASSED [ 86%]
..\tests\test_session_bound_access_tokens.py::test_session_bound_claim_verifies_on_original_session PASSED [ 86%]
..\tests\test_session_bound_access_tokens.py::test_session_bound_claim_and_userinfo_reject_replay PASSED [ 87%]
..\tests\test_session_bound_access_tokens.py::test_session_bound_access_tokens_fail_closed_without_session PASSED [ 87%]
..\tests\test_token_endpoints.py::test_authorization_code_exchange_success PASSED [ 88%]
..\tests\test_token_endpoints.py::test_authorization_code_exchange_rejects_pkce_mismatch PASSED [ 89%]
..\tests\test_token_endpoints.py::test_authorization_code_exchange_requires_session PASSED [ 89%]
..\tests\test_token_endpoints.py::test_authorization_code_exchange_requires_client_id_and_redirect_uri PASSED [ 90%]
..\tests\test_token_endpoints.py::test_authorization_code_exchange_rejects_code_data_pkce_bypass PASSED [ 90%]
..\tests\test_token_endpoints.py::test_authorization_code_exchange_rejects_malformed_code_data PASSED [ 91%]
..\tests\test_token_endpoints.py::test_authorization_code_exchange_fails_closed_on_missing_session_binding PASSED [ 91%]
..\tests\test_token_endpoints.py::test_refresh_rotation_and_replay_detection PASSED [ 92%]
..\tests\test_token_endpoints.py::test_refresh_rejects_binding_mismatch PASSED [ 92%]
..\tests\test_token_endpoints.py::test_refresh_requires_client_id_and_session PASSED [ 93%]
..\tests\test_token_endpoints.py::test_refresh_rejects_unknown_expired_and_client_mismatched_tokens PASSED [ 93%]
..\tests\test_token_endpoints.py::test_refresh_fails_closed_on_missing_access_binding_material PASSED [ 94%]
..\tests\test_token_endpoints.py::test_refresh_rejects_already_revoked_token PASSED [ 94%]
..\tests\test_token_endpoints.py::test_unsupported_grant_type_is_rejected PASSED [ 95%]
..\tests\test_userinfo_endpoints.py::test_userinfo_succeeds_on_same_session PASSED [ 95%]
..\tests\test_userinfo_endpoints.py::test_userinfo_rejects_replay_on_new_session PASSED [ 96%]
..\tests\test_userinfo_endpoints.py::test_userinfo_missing_session_fails_closed PASSED [ 96%]
..\tests\test_userinfo_endpoints.py::test_userinfo_registers_both_routes PASSED [ 97%]
..\tests\test_userinfo_endpoints.py::test_userinfo_route_rejects_missing_bearer PASSED [ 97%]
..\tests\test_userinfo_endpoints.py::test_userinfo_rejects_invalid_and_expired_tokens PASSED [ 98%]
..\tests\test_userinfo_endpoints.py::test_userinfo_rejects_token_without_binding_claim PASSED [ 98%]
..\tests\test_userinfo_endpoints.py::test_userinfo_route_resolves_session_from_environ PASSED [ 99%]
..\tests\test_userinfo_endpoints.py::test_userinfo_route_fails_closed_without_session_resolution PASSED [100%]

============================== warnings summary ===============================
..\venv\Lib\site-packages\oqs\__init__.py:1
  D:\KEMTLS\venv\Lib\site-packages\oqs\__init__.py:1: UserWarning: liboqs version (major, minor) 0.15.0 differs from liboqs-python version 0.14.1
    from oqs.oqs import (

-- Docs: https://docs.pytest.org/en/stable/how-to/capture-warnings.html
======================= 191 passed, 1 warning in 1.83s ========================
